/Library/Java/JavaVirtualMachines/jdk-17.0.2.jdk/Contents/Home/bin/java -XX:TieredStopAtLevel=1 -Dspring.output.ansi.enabled=always -Dcom.sun.management.jmxremote -Dspring.jmx.enabled=true -Dspring.liveBeansView.mbeanDomain -Dspring.application.admin.enabled=true -Dmanagement.endpoints.jmx.exposure.include=* -javaagent:/Applications/IntelliJ IDEA.app/Contents/lib/idea_rt.jar=49532:/Applications/IntelliJ IDEA.app/Contents/bin -Dfile.encoding=UTF-8 -classpath /Users/semyonsavenkov/IdeaProjects/DataStorageAndDBMS/DBMS3Test/build/classes/java/main:/Users/semyonsavenkov/IdeaProjects/DataStorageAndDBMS/DBMS3Test/build/resources/main:/Users/semyonsavenkov/.gradle/caches/modules-2/files-2.1/org.springframework.boot/spring-boot-starter-data-jdbc/3.2.5/4cd60510380b61b6e6e70429452c5fe7bda35fbe/spring-boot-starter-data-jdbc-3.2.5.jar:/Users/semyonsavenkov/.gradle/caches/modules-2/files-2.1/org.springframework.boot/spring-boot-starter-jdbc/3.2.5/2fc156645b02bef43dcd4e697ae6f4ba9388a978/spring-boot-starter-jdbc-3.2.5.jar:/Users/semyonsavenkov/.gradle/caches/modules-2/files-2.1/org.springframework.boot/spring-boot-starter-actuator/3.2.5/14ac0ed95f3913fb90d3a49884e561c88ad2d844/spring-boot-starter-actuator-3.2.5.jar:/Users/semyonsavenkov/.gradle/caches/modules-2/files-2.1/org.springframework.boot/spring-boot-starter-web/3.2.5/664d75553c6af42122d4db645f4924a95084e382/spring-boot-starter-web-3.2.5.jar:/Users/semyonsavenkov/.gradle/caches/modules-2/files-2.1/org.springframework.boot/spring-boot-starter-validation/3.2.5/3757dceb20eca3880ee1fb5f07159e42c7f7405/spring-boot-starter-validation-3.2.5.jar:/Users/semyonsavenkov/.gradle/caches/modules-2/files-2.1/org.projectlombok/lombok/1.18.32/17d46b3e205515e1e8efd3ee4d57ce8018914163/lombok-1.18.32.jar:/Users/semyonsavenkov/.gradle/caches/modules-2/files-2.1/org.springframework.boot/spring-boot-configuration-processor/3.2.5/748cf1d49e04e20db1784e88f676657cd030d937/spring-boot-configuration-processor-3.2.5.jar:/Users/semyonsavenkov/.gradle/caches/modules-2/files-2.1/org.liquibase/liquibase-core/4.27.0/759da7263b8b282202d8a157a0c47653b92e473e/liquibase-core-4.27.0.jar:/Users/semyonsavenkov/.gradle/caches/modules-2/files-2.1/org.springframework.data/spring-data-jdbc/3.2.5/753bede993296986944af4f8906369d80c6d1985/spring-data-jdbc-3.2.5.jar:/Users/semyonsavenkov/.gradle/caches/modules-2/files-2.1/org.springframework.boot/spring-boot-starter/3.2.5/a9837a876129cc6fe5f3abf1de5ec0a16faaf003/spring-boot-starter-3.2.5.jar:/Users/semyonsavenkov/.gradle/caches/modules-2/files-2.1/com.zaxxer/HikariCP/5.0.1/a74c7f0a37046846e88d54f7cb6ea6d565c65f9c/HikariCP-5.0.1.jar:/Users/semyonsavenkov/.gradle/caches/modules-2/files-2.1/org.springframework/spring-jdbc/6.1.6/3f8a440a49c15264ff438598b715bd00c5a88109/spring-jdbc-6.1.6.jar:/Users/semyonsavenkov/.gradle/caches/modules-2/files-2.1/org.springframework.boot/spring-boot-actuator-autoconfigure/3.2.5/aa58ac33da22febe8ea6d179eb0bf3f76ed2850d/spring-boot-actuator-autoconfigure-3.2.5.jar:/Users/semyonsavenkov/.gradle/caches/modules-2/files-2.1/io.micrometer/micrometer-jakarta9/1.12.5/8fe03be9a51974cdb700b04c8df5378f8566c179/micrometer-jakarta9-1.12.5.jar:/Users/semyonsavenkov/.gradle/caches/modules-2/files-2.1/io.micrometer/micrometer-observation/1.12.5/ee23704259a1aad5c8f503db4d37cdfe5352e766/micrometer-observation-1.12.5.jar:/Users/semyonsavenkov/.gradle/caches/modules-2/files-2.1/org.springframework.boot/spring-boot-starter-json/3.2.5/6df311af4c242eb95c3526f48ab4f31c384a247e/spring-boot-starter-json-3.2.5.jar:/Users/semyonsavenkov/.gradle/caches/modules-2/files-2.1/org.springframework/spring-webmvc/6.1.6/ef1f76db6d94bac428839cb91fa59235c8356e56/spring-webmvc-6.1.6.jar:/Users/semyonsavenkov/.gradle/caches/modules-2/files-2.1/org.springframework/spring-web/6.1.6/49a32e3497fe39550da3b280bda5d9933ae2d51d/spring-web-6.1.6.jar:/Users/semyonsavenkov/.gradle/caches/modules-2/files-2.1/org.springframework.boot/spring-boot-starter-tomcat/3.2.5/a40ebfa6becb35b419b37e49e33b2822e22cf42a/spring-boot-starter-tomcat-3.2.5.jar:/Users/semyonsavenkov/.gradle/caches/modules-2/files-2.1/org.apache.tomcat.embed/tomcat-embed-el/10.1.20/cc1a42b8228699e92c8eba0187eccf54bf892802/tomcat-embed-el-10.1.20.jar:/Users/semyonsavenkov/.gradle/caches/modules-2/files-2.1/org.hibernate.validator/hibernate-validator/8.0.1.Final/e49e116b3d3928060599b176b3538bb848718e95/hibernate-validator-8.0.1.Final.jar:/Users/semyonsavenkov/.gradle/caches/modules-2/files-2.1/com.opencsv/opencsv/5.9/284ea0b60a24b71a530100783185e7d547ab5339/opencsv-5.9.jar:/Users/semyonsavenkov/.gradle/caches/modules-2/files-2.1/org.apache.commons/commons-text/1.11.0/2bb044b7717ec2eccaf9ea7769c1509054b50e9a/commons-text-1.11.0.jar:/Users/semyonsavenkov/.gradle/caches/modules-2/files-2.1/org.apache.commons/commons-collections4/4.4/62ebe7544cb7164d87e0637a2a6a2bdc981395e8/commons-collections4-4.4.jar:/Users/semyonsavenkov/.gradle/caches/modules-2/files-2.1/org.yaml/snakeyaml/2.2/3af797a25458550a16bf89acc8e4ab2b7f2bfce0/snakeyaml-2.2.jar:/Users/semyonsavenkov/.gradle/caches/modules-2/files-2.1/javax.xml.bind/jaxb-api/2.3.1/8531ad5ac454cc2deb9d4d32c40c4d7451939b5d/jaxb-api-2.3.1.jar:/Users/semyonsavenkov/.gradle/caches/modules-2/files-2.1/org.apache.commons/commons-lang3/3.13.0/b7263237aa89c1f99b327197c41d0669707a462e/commons-lang3-3.13.0.jar:/Users/semyonsavenkov/.gradle/caches/modules-2/files-2.1/org.springframework.data/spring-data-relational/3.2.5/321629fd32343f533cdc19a338b1cf11d35720ca/spring-data-relational-3.2.5.jar:/Users/semyonsavenkov/.gradle/caches/modules-2/files-2.1/org.springframework/spring-context/6.1.6/2be30298638975efaf7fff22f1570d79b2679814/spring-context-6.1.6.jar:/Users/semyonsavenkov/.gradle/caches/modules-2/files-2.1/org.springframework/spring-tx/6.1.6/4e18554fb6669f266108cc838a4619bbc8f7db8d/spring-tx-6.1.6.jar:/Users/semyonsavenkov/.gradle/caches/modules-2/files-2.1/org.springframework.data/spring-data-commons/3.2.5/d4bb5a08fad512b345ae4077bdf0f50c95eed07/spring-data-commons-3.2.5.jar:/Users/semyonsavenkov/.gradle/caches/modules-2/files-2.1/org.springframework/spring-beans/6.1.6/332d80ff134420db4ebf7614758e6a02a9bd3c41/spring-beans-6.1.6.jar:/Users/semyonsavenkov/.gradle/caches/modules-2/files-2.1/org.springframework/spring-core/6.1.6/dea4b8e110b7b54a02a4907e32dbb0adee8a7168/spring-core-6.1.6.jar:/Users/semyonsavenkov/.gradle/caches/modules-2/files-2.1/org.slf4j/slf4j-api/2.0.13/80229737f704b121a318bba5d5deacbcf395bc77/slf4j-api-2.0.13.jar:/Users/semyonsavenkov/.gradle/caches/modules-2/files-2.1/org.springframework.boot/spring-boot-autoconfigure/3.2.5/6385a2c00a03edb896b2833e4bdee2ae53cd69b8/spring-boot-autoconfigure-3.2.5.jar:/Users/semyonsavenkov/.gradle/caches/modules-2/files-2.1/org.springframework.boot/spring-boot/3.2.5/eec72431f6f56a50c9919129665ba3359ca02104/spring-boot-3.2.5.jar:/Users/semyonsavenkov/.gradle/caches/modules-2/files-2.1/org.springframework.boot/spring-boot-starter-logging/3.2.5/28cf3a346da7bb624381ccc21d7a27500181de63/spring-boot-starter-logging-3.2.5.jar:/Users/semyonsavenkov/.gradle/caches/modules-2/files-2.1/jakarta.annotation/jakarta.annotation-api/2.1.1/48b9bda22b091b1f48b13af03fe36db3be6e1ae3/jakarta.annotation-api-2.1.1.jar:/Users/semyonsavenkov/.gradle/caches/modules-2/files-2.1/org.springframework.boot/spring-boot-actuator/3.2.5/f0623b4ce7c614a452cddc9b369d69ff6e7f9173/spring-boot-actuator-3.2.5.jar:/Users/semyonsavenkov/.gradle/caches/modules-2/files-2.1/io.micrometer/micrometer-core/1.12.5/ee49ea9ec34c3d4aa1417a46ce8017f15513b5af/micrometer-core-1.12.5.jar:/Users/semyonsavenkov/.gradle/caches/modules-2/files-2.1/io.micrometer/micrometer-commons/1.12.5/da45afd81a6a05267df5ddfe10438ea857e0f7d9/micrometer-commons-1.12.5.jar:/Users/semyonsavenkov/.gradle/caches/modules-2/files-2.1/com.fasterxml.jackson.datatype/jackson-datatype-jsr310/2.15.4/7de629770a4559db57128d35ccae7d2fddd35db3/jackson-datatype-jsr310-2.15.4.jar:/Users/semyonsavenkov/.gradle/caches/modules-2/files-2.1/com.fasterxml.jackson.module/jackson-module-parameter-names/2.15.4/e654497a08359db2521b69b5f710e00836915d8c/jackson-module-parameter-names-2.15.4.jar:/Users/semyonsavenkov/.gradle/caches/modules-2/files-2.1/com.fasterxml.jackson.datatype/jackson-datatype-jdk8/2.15.4/694777f182334a21bf1aeab1b04cc4398c801f3f/jackson-datatype-jdk8-2.15.4.jar:/Users/semyonsavenkov/.gradle/caches/modules-2/files-2.1/com.fasterxml.jackson.core/jackson-databind/2.15.4/560309fc381f77d4d15c4a4cdaa0db5025c4fd13/jackson-databind-2.15.4.jar:/Users/semyonsavenkov/.gradle/caches/modules-2/files-2.1/org.springframework/spring-aop/6.1.6/4958f52cb9fcb3adf7e836304550de5431a9347e/spring-aop-6.1.6.jar:/Users/semyonsavenkov/.gradle/caches/modules-2/files-2.1/org.springframework/spring-expression/6.1.6/9c3d7f0e17a919a4ea9f087e4e2140ad39776bc8/spring-expression-6.1.6.jar:/Users/semyonsavenkov/.gradle/caches/modules-2/files-2.1/org.apache.tomcat.embed/tomcat-embed-websocket/10.1.20/21502adffaf9e6e4bc2b63a557e348d7f6c0faf7/tomcat-embed-websocket-10.1.20.jar:/Users/semyonsavenkov/.gradle/caches/modules-2/files-2.1/org.apache.tomcat.embed/tomcat-embed-core/10.1.20/ba0dc784e12086f83d8e1d5a10443b166abf5780/tomcat-embed-core-10.1.20.jar:/Users/semyonsavenkov/.gradle/caches/modules-2/files-2.1/jakarta.validation/jakarta.validation-api/3.0.2/92b6631659ba35ca09e44874d3eb936edfeee532/jakarta.validation-api-3.0.2.jar:/Users/semyonsavenkov/.gradle/caches/modules-2/files-2.1/org.jboss.logging/jboss-logging/3.5.3.Final/c88fc1d8a96d4c3491f55d4317458ccad53ca663/jboss-logging-3.5.3.Final.jar:/Users/semyonsavenkov/.gradle/caches/modules-2/files-2.1/com.fasterxml/classmate/1.6.0/91affab6f84a2182fce5dd72a8d01bc14346dddd/classmate-1.6.0.jar:/Users/semyonsavenkov/.gradle/caches/modules-2/files-2.1/com.github.jsqlparser/jsqlparser/4.6/a4d1bda17df913c8b3ff12d39e35e9efd3a4e01f/jsqlparser-4.6.jar:/Users/semyonsavenkov/.gradle/caches/modules-2/files-2.1/org.springframework/spring-jcl/6.1.6/84cb19b30b22feca73c2ac005ca849c5890935a3/spring-jcl-6.1.6.jar:/Users/semyonsavenkov/.gradle/caches/modules-2/files-2.1/ch.qos.logback/logback-classic/1.4.14/d98bc162275134cdf1518774da4a2a17ef6fb94d/logback-classic-1.4.14.jar:/Users/semyonsavenkov/.gradle/caches/modules-2/files-2.1/org.apache.logging.log4j/log4j-to-slf4j/2.21.1/d77b2ba81711ed596cd797cc2b5b5bd7409d841c/log4j-to-slf4j-2.21.1.jar:/Users/semyonsavenkov/.gradle/caches/modules-2/files-2.1/org.slf4j/jul-to-slf4j/2.0.13/a3bcd9d9dd50c71ce69f06b1fd05e40fdeff6ba5/jul-to-slf4j-2.0.13.jar:/Users/semyonsavenkov/.gradle/caches/modules-2/files-2.1/com.fasterxml.jackson.core/jackson-annotations/2.15.4/5223ea5a9bf52cdc9c5e537a0e52f2432eaf208b/jackson-annotations-2.15.4.jar:/Users/semyonsavenkov/.gradle/caches/modules-2/files-2.1/com.fasterxml.jackson.core/jackson-core/2.15.4/aebe84b45360debad94f692a4074c6aceb535fa0/jackson-core-2.15.4.jar:/Users/semyonsavenkov/.gradle/caches/modules-2/files-2.1/ch.qos.logback/logback-core/1.4.14/4d3c2248219ac0effeb380ed4c5280a80bf395e8/logback-core-1.4.14.jar:/Users/semyonsavenkov/.gradle/caches/modules-2/files-2.1/org.apache.logging.log4j/log4j-api/2.21.1/74c65e87b9ce1694a01524e192d7be989ba70486/log4j-api-2.21.1.jar:/Users/semyonsavenkov/.gradle/caches/modules-2/files-2.1/org.postgresql/postgresql/42.6.2/18c33c28326b2f81480833291b81f5eca080ab3c/postgresql-42.6.2.jar:/Users/semyonsavenkov/.gradle/caches/modules-2/files-2.1/org.checkerframework/checker-qual/3.31.0/eeefd4af42e2f4221d145c1791582f91868f99ab/checker-qual-3.31.0.jar:/Users/semyonsavenkov/.gradle/caches/modules-2/files-2.1/org.hdrhistogram/HdrHistogram/2.1.12/6eb7552156e0d517ae80cc2247be1427c8d90452/HdrHistogram-2.1.12.jar:/Users/semyonsavenkov/.gradle/caches/modules-2/files-2.1/org.latencyutils/LatencyUtils/2.0.3/769c0b82cb2421c8256300e907298a9410a2a3d3/LatencyUtils-2.0.3.jar org.example.dbms3test.Dbms3TestApplication

  .   ____          _            __ _ _
 /\\ / ___'_ __ _ _(_)_ __  __ _ \ \ \ \
( ( )\___ | '_ | '_| | '_ \/ _` | \ \ \ \
 \\/  ___)| |_)| | | | | || (_| |  ) ) ) )
  '  |____| .__|_| |_|_| |_\__, | / / / /
 =========|_|==============|___/=/_/_/_/
 :: Spring Boot ::                (v3.2.5)

2024-05-05T12:28:18.773+06:00  INFO 2400 --- [DBMS3Test] [           main] o.e.dbms3test.Dbms3TestApplication       : Starting Dbms3TestApplication using Java 17.0.2 with PID 2400 (/Users/semyonsavenkov/IdeaProjects/DataStorageAndDBMS/DBMS3Test/build/classes/java/main started by semyonsavenkov in /Users/semyonsavenkov/IdeaProjects/DataStorageAndDBMS/DBMS3Test)
2024-05-05T12:28:18.775+06:00  INFO 2400 --- [DBMS3Test] [           main] o.e.dbms3test.Dbms3TestApplication       : No active profile set, falling back to 1 default profile: "default"
2024-05-05T12:28:19.231+06:00  INFO 2400 --- [DBMS3Test] [           main] .s.d.r.c.RepositoryConfigurationDelegate : Bootstrapping Spring Data JDBC repositories in DEFAULT mode.
2024-05-05T12:28:19.242+06:00  INFO 2400 --- [DBMS3Test] [           main] .s.d.r.c.RepositoryConfigurationDelegate : Finished Spring Data repository scanning in 8 ms. Found 0 JDBC repository interfaces.
2024-05-05T12:28:19.515+06:00  INFO 2400 --- [DBMS3Test] [           main] o.s.b.w.embedded.tomcat.TomcatWebServer  : Tomcat initialized with port 8080 (http)
2024-05-05T12:28:19.521+06:00  INFO 2400 --- [DBMS3Test] [           main] o.apache.catalina.core.StandardService   : Starting service [Tomcat]
2024-05-05T12:28:19.522+06:00  INFO 2400 --- [DBMS3Test] [           main] o.apache.catalina.core.StandardEngine    : Starting Servlet engine: [Apache Tomcat/10.1.20]
2024-05-05T12:28:19.546+06:00  INFO 2400 --- [DBMS3Test] [           main] o.a.c.c.C.[Tomcat].[localhost].[/]       : Initializing Spring embedded WebApplicationContext
2024-05-05T12:28:19.546+06:00  INFO 2400 --- [DBMS3Test] [           main] w.s.c.ServletWebServerApplicationContext : Root WebApplicationContext: initialization completed in 749 ms
2024-05-05T12:28:19.662+06:00  INFO 2400 --- [DBMS3Test] [           main] com.zaxxer.hikari.HikariDataSource       : HikariPool-1 - Starting...
2024-05-05T12:28:19.756+06:00  INFO 2400 --- [DBMS3Test] [           main] com.zaxxer.hikari.pool.HikariPool        : HikariPool-1 - Added connection org.postgresql.jdbc.PgConnection@1a531422
2024-05-05T12:28:19.757+06:00  INFO 2400 --- [DBMS3Test] [           main] com.zaxxer.hikari.HikariDataSource       : HikariPool-1 - Start completed.
2024-05-05T12:28:20.078+06:00  INFO 2400 --- [DBMS3Test] [           main] liquibase.changelog                      : Reading from dbms3.databasechangelog
2024-05-05T12:28:20.096+06:00  INFO 2400 --- [DBMS3Test] [           main] liquibase.changelog                      : Change failed validation!
2024-05-05T12:28:20.097+06:00  INFO 2400 --- [DBMS3Test] [           main] liquibase.command                        : Logging exception.
2024-05-05T12:28:20.097+06:00  INFO 2400 --- [DBMS3Test] [           main] liquibase.ui                             : ERROR: Exception Details
2024-05-05T12:28:20.097+06:00  INFO 2400 --- [DBMS3Test] [           main] liquibase.ui                             : ERROR: Exception Primary Class:  ValidationFailedException
2024-05-05T12:28:20.097+06:00  INFO 2400 --- [DBMS3Test] [           main] liquibase.ui                             : ERROR: Exception Primary Reason:  Validation Failed:
     1 changesets check sum
          db.changelog/schema.sql::raw::includeAll was: 9:cf2b046c91a3a2644c79330f0f94c5f9 but is now: 9:894680cf54116b4f34bca29c92415142

2024-05-05T12:28:20.097+06:00  INFO 2400 --- [DBMS3Test] [           main] liquibase.ui                             : ERROR: Exception Primary Source:  4.27.0
2024-05-05T12:28:20.097+06:00  INFO 2400 --- [DBMS3Test] [           main] liquibase.command                        : Command execution complete
2024-05-05T12:28:20.098+06:00  WARN 2400 --- [DBMS3Test] [           main] ConfigServletWebServerApplicationContext : Exception encountered during context initialization - cancelling refresh attempt: org.springframework.beans.factory.UnsatisfiedDependencyException: Error creating bean with name 'JDBCController' defined in file [/Users/semyonsavenkov/IdeaProjects/DataStorageAndDBMS/DBMS3Test/build/classes/java/main/org/example/dbms3test/controller/JDBCController.class]: Unsatisfied dependency expressed through constructor parameter 0: Error creating bean with name 'JDBCRepository' defined in file [/Users/semyonsavenkov/IdeaProjects/DataStorageAndDBMS/DBMS3Test/build/classes/java/main/org/example/dbms3test/repository/JDBCRepository.class]: Unsatisfied dependency expressed through constructor parameter 0: Error creating bean with name 'liquibase' defined in class path resource [org/springframework/boot/autoconfigure/liquibase/LiquibaseAutoConfiguration$LiquibaseConfiguration.class]: liquibase.exception.CommandExecutionException: liquibase.exception.ValidationFailedException: Validation Failed:
     1 changesets check sum
          db.changelog/schema.sql::raw::includeAll was: 9:cf2b046c91a3a2644c79330f0f94c5f9 but is now: 9:894680cf54116b4f34bca29c92415142

2024-05-05T12:28:20.099+06:00  INFO 2400 --- [DBMS3Test] [           main] com.zaxxer.hikari.HikariDataSource       : HikariPool-1 - Shutdown initiated...
2024-05-05T12:28:20.129+06:00  INFO 2400 --- [DBMS3Test] [           main] com.zaxxer.hikari.HikariDataSource       : HikariPool-1 - Shutdown completed.
2024-05-05T12:28:20.130+06:00  INFO 2400 --- [DBMS3Test] [           main] o.apache.catalina.core.StandardService   : Stopping service [Tomcat]
2024-05-05T12:28:20.142+06:00  INFO 2400 --- [DBMS3Test] [           main] .s.b.a.l.ConditionEvaluationReportLogger :

Error starting ApplicationContext. To display the condition evaluation report re-run your application with 'debug' enabled.
2024-05-05T12:28:20.153+06:00 ERROR 2400 --- [DBMS3Test] [           main] o.s.boot.SpringApplication               : Application run failed

org.springframework.beans.factory.UnsatisfiedDependencyException: Error creating bean with name 'JDBCController' defined in file [/Users/semyonsavenkov/IdeaProjects/DataStorageAndDBMS/DBMS3Test/build/classes/java/main/org/example/dbms3test/controller/JDBCController.class]: Unsatisfied dependency expressed through constructor parameter 0: Error creating bean with name 'JDBCRepository' defined in file [/Users/semyonsavenkov/IdeaProjects/DataStorageAndDBMS/DBMS3Test/build/classes/java/main/org/example/dbms3test/repository/JDBCRepository.class]: Unsatisfied dependency expressed through constructor parameter 0: Error creating bean with name 'liquibase' defined in class path resource [org/springframework/boot/autoconfigure/liquibase/LiquibaseAutoConfiguration$LiquibaseConfiguration.class]: liquibase.exception.CommandExecutionException: liquibase.exception.ValidationFailedException: Validation Failed:
     1 changesets check sum
          db.changelog/schema.sql::raw::includeAll was: 9:cf2b046c91a3a2644c79330f0f94c5f9 but is now: 9:894680cf54116b4f34bca29c92415142

	at org.springframework.beans.factory.support.ConstructorResolver.createArgumentArray(ConstructorResolver.java:795) ~[spring-beans-6.1.6.jar:6.1.6]
	at org.springframework.beans.factory.support.ConstructorResolver.autowireConstructor(ConstructorResolver.java:237) ~[spring-beans-6.1.6.jar:6.1.6]
	at org.springframework.beans.factory.support.AbstractAutowireCapableBeanFactory.autowireConstructor(AbstractAutowireCapableBeanFactory.java:1355) ~[spring-beans-6.1.6.jar:6.1.6]
	at org.springframework.beans.factory.support.AbstractAutowireCapableBeanFactory.createBeanInstance(AbstractAutowireCapableBeanFactory.java:1192) ~[spring-beans-6.1.6.jar:6.1.6]
	at org.springframework.beans.factory.support.AbstractAutowireCapableBeanFactory.doCreateBean(AbstractAutowireCapableBeanFactory.java:562) ~[spring-beans-6.1.6.jar:6.1.6]
	at org.springframework.beans.factory.support.AbstractAutowireCapableBeanFactory.createBean(AbstractAutowireCapableBeanFactory.java:522) ~[spring-beans-6.1.6.jar:6.1.6]
	at org.springframework.beans.factory.support.AbstractBeanFactory.lambda$doGetBean$0(AbstractBeanFactory.java:326) ~[spring-beans-6.1.6.jar:6.1.6]
	at org.springframework.beans.factory.support.DefaultSingletonBeanRegistry.getSingleton(DefaultSingletonBeanRegistry.java:234) ~[spring-beans-6.1.6.jar:6.1.6]
	at org.springframework.beans.factory.support.AbstractBeanFactory.doGetBean(AbstractBeanFactory.java:324) ~[spring-beans-6.1.6.jar:6.1.6]
	at org.springframework.beans.factory.support.AbstractBeanFactory.getBean(AbstractBeanFactory.java:200) ~[spring-beans-6.1.6.jar:6.1.6]
	at org.springframework.beans.factory.support.DefaultListableBeanFactory.preInstantiateSingletons(DefaultListableBeanFactory.java:975) ~[spring-beans-6.1.6.jar:6.1.6]
	at org.springframework.context.support.AbstractApplicationContext.finishBeanFactoryInitialization(AbstractApplicationContext.java:962) ~[spring-context-6.1.6.jar:6.1.6]
	at org.springframework.context.support.AbstractApplicationContext.refresh(AbstractApplicationContext.java:624) ~[spring-context-6.1.6.jar:6.1.6]
	at org.springframework.boot.web.servlet.context.ServletWebServerApplicationContext.refresh(ServletWebServerApplicationContext.java:146) ~[spring-boot-3.2.5.jar:3.2.5]
	at org.springframework.boot.SpringApplication.refresh(SpringApplication.java:754) ~[spring-boot-3.2.5.jar:3.2.5]
	at org.springframework.boot.SpringApplication.refreshContext(SpringApplication.java:456) ~[spring-boot-3.2.5.jar:3.2.5]
	at org.springframework.boot.SpringApplication.run(SpringApplication.java:334) ~[spring-boot-3.2.5.jar:3.2.5]
	at org.springframework.boot.SpringApplication.run(SpringApplication.java:1354) ~[spring-boot-3.2.5.jar:3.2.5]
	at org.springframework.boot.SpringApplication.run(SpringApplication.java:1343) ~[spring-boot-3.2.5.jar:3.2.5]
	at org.example.dbms3test.Dbms3TestApplication.main(Dbms3TestApplication.java:11) ~[main/:na]
Caused by: org.springframework.beans.factory.UnsatisfiedDependencyException: Error creating bean with name 'JDBCRepository' defined in file [/Users/semyonsavenkov/IdeaProjects/DataStorageAndDBMS/DBMS3Test/build/classes/java/main/org/example/dbms3test/repository/JDBCRepository.class]: Unsatisfied dependency expressed through constructor parameter 0: Error creating bean with name 'liquibase' defined in class path resource [org/springframework/boot/autoconfigure/liquibase/LiquibaseAutoConfiguration$LiquibaseConfiguration.class]: liquibase.exception.CommandExecutionException: liquibase.exception.ValidationFailedException: Validation Failed:
     1 changesets check sum
          db.changelog/schema.sql::raw::includeAll was: 9:cf2b046c91a3a2644c79330f0f94c5f9 but is now: 9:894680cf54116b4f34bca29c92415142

	at org.springframework.beans.factory.support.ConstructorResolver.createArgumentArray(ConstructorResolver.java:795) ~[spring-beans-6.1.6.jar:6.1.6]
	at org.springframework.beans.factory.support.ConstructorResolver.autowireConstructor(ConstructorResolver.java:237) ~[spring-beans-6.1.6.jar:6.1.6]
	at org.springframework.beans.factory.support.AbstractAutowireCapableBeanFactory.autowireConstructor(AbstractAutowireCapableBeanFactory.java:1355) ~[spring-beans-6.1.6.jar:6.1.6]
	at org.springframework.beans.factory.support.AbstractAutowireCapableBeanFactory.createBeanInstance(AbstractAutowireCapableBeanFactory.java:1192) ~[spring-beans-6.1.6.jar:6.1.6]
	at org.springframework.beans.factory.support.AbstractAutowireCapableBeanFactory.doCreateBean(AbstractAutowireCapableBeanFactory.java:562) ~[spring-beans-6.1.6.jar:6.1.6]
	at org.springframework.beans.factory.support.AbstractAutowireCapableBeanFactory.createBean(AbstractAutowireCapableBeanFactory.java:522) ~[spring-beans-6.1.6.jar:6.1.6]
	at org.springframework.beans.factory.support.AbstractBeanFactory.lambda$doGetBean$0(AbstractBeanFactory.java:326) ~[spring-beans-6.1.6.jar:6.1.6]
	at org.springframework.beans.factory.support.DefaultSingletonBeanRegistry.getSingleton(DefaultSingletonBeanRegistry.java:234) ~[spring-beans-6.1.6.jar:6.1.6]
	at org.springframework.beans.factory.support.AbstractBeanFactory.doGetBean(AbstractBeanFactory.java:324) ~[spring-beans-6.1.6.jar:6.1.6]
	at org.springframework.beans.factory.support.AbstractBeanFactory.getBean(AbstractBeanFactory.java:200) ~[spring-beans-6.1.6.jar:6.1.6]
	at org.springframework.beans.factory.config.DependencyDescriptor.resolveCandidate(DependencyDescriptor.java:254) ~[spring-beans-6.1.6.jar:6.1.6]
	at org.springframework.beans.factory.support.DefaultListableBeanFactory.doResolveDependency(DefaultListableBeanFactory.java:1443) ~[spring-beans-6.1.6.jar:6.1.6]
	at org.springframework.beans.factory.support.DefaultListableBeanFactory.resolveDependency(DefaultListableBeanFactory.java:1353) ~[spring-beans-6.1.6.jar:6.1.6]
	at org.springframework.beans.factory.support.ConstructorResolver.resolveAutowiredArgument(ConstructorResolver.java:904) ~[spring-beans-6.1.6.jar:6.1.6]
	at org.springframework.beans.factory.support.ConstructorResolver.createArgumentArray(ConstructorResolver.java:782) ~[spring-beans-6.1.6.jar:6.1.6]
	... 19 common frames omitted
Caused by: org.springframework.beans.factory.BeanCreationException: Error creating bean with name 'liquibase' defined in class path resource [org/springframework/boot/autoconfigure/liquibase/LiquibaseAutoConfiguration$LiquibaseConfiguration.class]: liquibase.exception.CommandExecutionException: liquibase.exception.ValidationFailedException: Validation Failed:
     1 changesets check sum
          db.changelog/schema.sql::raw::includeAll was: 9:cf2b046c91a3a2644c79330f0f94c5f9 but is now: 9:894680cf54116b4f34bca29c92415142

	at org.springframework.beans.factory.support.AbstractAutowireCapableBeanFactory.initializeBean(AbstractAutowireCapableBeanFactory.java:1786) ~[spring-beans-6.1.6.jar:6.1.6]
	at org.springframework.beans.factory.support.AbstractAutowireCapableBeanFactory.doCreateBean(AbstractAutowireCapableBeanFactory.java:600) ~[spring-beans-6.1.6.jar:6.1.6]
	at org.springframework.beans.factory.support.AbstractAutowireCapableBeanFactory.createBean(AbstractAutowireCapableBeanFactory.java:522) ~[spring-beans-6.1.6.jar:6.1.6]
	at org.springframework.beans.factory.support.AbstractBeanFactory.lambda$doGetBean$0(AbstractBeanFactory.java:326) ~[spring-beans-6.1.6.jar:6.1.6]
	at org.springframework.beans.factory.support.DefaultSingletonBeanRegistry.getSingleton(DefaultSingletonBeanRegistry.java:234) ~[spring-beans-6.1.6.jar:6.1.6]
	at org.springframework.beans.factory.support.AbstractBeanFactory.doGetBean(AbstractBeanFactory.java:324) ~[spring-beans-6.1.6.jar:6.1.6]
	at org.springframework.beans.factory.support.AbstractBeanFactory.getBean(AbstractBeanFactory.java:200) ~[spring-beans-6.1.6.jar:6.1.6]
	at org.springframework.beans.factory.support.AbstractBeanFactory.doGetBean(AbstractBeanFactory.java:313) ~[spring-beans-6.1.6.jar:6.1.6]
	at org.springframework.beans.factory.support.AbstractBeanFactory.getBean(AbstractBeanFactory.java:200) ~[spring-beans-6.1.6.jar:6.1.6]
	at org.springframework.beans.factory.config.DependencyDescriptor.resolveCandidate(DependencyDescriptor.java:254) ~[spring-beans-6.1.6.jar:6.1.6]
	at org.springframework.beans.factory.support.DefaultListableBeanFactory.doResolveDependency(DefaultListableBeanFactory.java:1443) ~[spring-beans-6.1.6.jar:6.1.6]
	at org.springframework.beans.factory.support.DefaultListableBeanFactory.resolveDependency(DefaultListableBeanFactory.java:1353) ~[spring-beans-6.1.6.jar:6.1.6]
	at org.springframework.beans.factory.support.ConstructorResolver.resolveAutowiredArgument(ConstructorResolver.java:904) ~[spring-beans-6.1.6.jar:6.1.6]
	at org.springframework.beans.factory.support.ConstructorResolver.createArgumentArray(ConstructorResolver.java:782) ~[spring-beans-6.1.6.jar:6.1.6]
	... 33 common frames omitted
Caused by: liquibase.exception.UnexpectedLiquibaseException: liquibase.exception.CommandExecutionException: liquibase.exception.ValidationFailedException: Validation Failed:
     1 changesets check sum
          db.changelog/schema.sql::raw::includeAll was: 9:cf2b046c91a3a2644c79330f0f94c5f9 but is now: 9:894680cf54116b4f34bca29c92415142

	at liquibase.integration.spring.SpringLiquibase.afterPropertiesSet(SpringLiquibase.java:259) ~[liquibase-core-4.27.0.jar:na]
	at org.springframework.beans.factory.support.AbstractAutowireCapableBeanFactory.invokeInitMethods(AbstractAutowireCapableBeanFactory.java:1833) ~[spring-beans-6.1.6.jar:6.1.6]
	at org.springframework.beans.factory.support.AbstractAutowireCapableBeanFactory.initializeBean(AbstractAutowireCapableBeanFactory.java:1782) ~[spring-beans-6.1.6.jar:6.1.6]
	... 46 common frames omitted
Caused by: liquibase.exception.CommandExecutionException: liquibase.exception.ValidationFailedException: Validation Failed:
     1 changesets check sum
          db.changelog/schema.sql::raw::includeAll was: 9:cf2b046c91a3a2644c79330f0f94c5f9 but is now: 9:894680cf54116b4f34bca29c92415142

	at liquibase.command.CommandScope.execute(CommandScope.java:257) ~[liquibase-core-4.27.0.jar:na]
	at liquibase.Liquibase.lambda$update$0(Liquibase.java:245) ~[liquibase-core-4.27.0.jar:na]
	at liquibase.Scope.lambda$child$0(Scope.java:190) ~[liquibase-core-4.27.0.jar:na]
	at liquibase.Scope.child(Scope.java:199) ~[liquibase-core-4.27.0.jar:na]
	at liquibase.Scope.child(Scope.java:189) ~[liquibase-core-4.27.0.jar:na]
	at liquibase.Scope.child(Scope.java:168) ~[liquibase-core-4.27.0.jar:na]
	at liquibase.Liquibase.runInScope(Liquibase.java:1436) ~[liquibase-core-4.27.0.jar:na]
	at liquibase.Liquibase.update(Liquibase.java:234) ~[liquibase-core-4.27.0.jar:na]
	at liquibase.Liquibase.update(Liquibase.java:212) ~[liquibase-core-4.27.0.jar:na]
	at liquibase.integration.spring.SpringLiquibase.performUpdate(SpringLiquibase.java:297) ~[liquibase-core-4.27.0.jar:na]
	at liquibase.integration.spring.SpringLiquibase.lambda$afterPropertiesSet$0(SpringLiquibase.java:249) ~[liquibase-core-4.27.0.jar:na]
	at liquibase.Scope.lambda$child$0(Scope.java:190) ~[liquibase-core-4.27.0.jar:na]
	at liquibase.Scope.child(Scope.java:199) ~[liquibase-core-4.27.0.jar:na]
	at liquibase.Scope.child(Scope.java:189) ~[liquibase-core-4.27.0.jar:na]
	at liquibase.Scope.child(Scope.java:168) ~[liquibase-core-4.27.0.jar:na]
	at liquibase.Scope.child(Scope.java:256) ~[liquibase-core-4.27.0.jar:na]
	at liquibase.integration.spring.SpringLiquibase.afterPropertiesSet(SpringLiquibase.java:242) ~[liquibase-core-4.27.0.jar:na]
	... 48 common frames omitted
Caused by: liquibase.exception.ValidationFailedException: Validation Failed:
     1 changesets check sum
          db.changelog/schema.sql::raw::includeAll was: 9:cf2b046c91a3a2644c79330f0f94c5f9 but is now: 9:894680cf54116b4f34bca29c92415142

	at liquibase.changelog.DatabaseChangeLog.validate(DatabaseChangeLog.java:358) ~[liquibase-core-4.27.0.jar:na]
	at liquibase.command.core.helpers.DatabaseChangelogCommandStep.run(DatabaseChangelogCommandStep.java:92) ~[liquibase-core-4.27.0.jar:na]
	at liquibase.command.CommandScope.execute(CommandScope.java:219) ~[liquibase-core-4.27.0.jar:na]
	... 64 common frames omitted


Process finished with exit code 1
